SpMM on CudaCore sparsity ratio=0.5 shape=M9 kernel=nmSPARSE_EW latency=0.181431
SpMM on CudaCore sparsity ratio=0.5 shape=M9 kernel=nmSPARSE_VW4 latency=0.059083
SpMM on CudaCore sparsity ratio=0.5 shape=M9 kernel=nmSPARSE_VW32 latency=0.038931
SpMM on CudaCore sparsity ratio=0.5 shape=M9 kernel=nmSPARSE_BW4x4 latency=0.056708
SpMM on CudaCore sparsity ratio=0.5 shape=M10 kernel=nmSPARSE_EW latency=0.205869
SpMM on CudaCore sparsity ratio=0.5 shape=M10 kernel=nmSPARSE_VW4 latency=0.119262
SpMM on CudaCore sparsity ratio=0.5 shape=M10 kernel=nmSPARSE_VW32 latency=0.099078
SpMM on CudaCore sparsity ratio=0.5 shape=M10 kernel=nmSPARSE_BW4x4 latency=0.112492
SpMM on CudaCore sparsity ratio=0.5 shape=M11 kernel=nmSPARSE_EW latency=0.717173
SpMM on CudaCore sparsity ratio=0.5 shape=M11 kernel=nmSPARSE_VW4 latency=0.368977
SpMM on CudaCore sparsity ratio=0.5 shape=M11 kernel=nmSPARSE_VW32 latency=0.306236
SpMM on CudaCore sparsity ratio=0.5 shape=M11 kernel=nmSPARSE_BW4x4 latency=0.341582
SpMM on CudaCore sparsity ratio=0.5 shape=M12 kernel=nmSPARSE_EW latency=0.543207
SpMM on CudaCore sparsity ratio=0.5 shape=M12 kernel=nmSPARSE_VW4 latency=0.171079
SpMM on CudaCore sparsity ratio=0.5 shape=M12 kernel=nmSPARSE_VW32 latency=0.108805
SpMM on CudaCore sparsity ratio=0.5 shape=M12 kernel=nmSPARSE_BW4x4 latency=0.16017
SpMM on CudaCore sparsity ratio=0.5 shape=M13 kernel=nmSPARSE_EW latency=0.746332
SpMM on CudaCore sparsity ratio=0.5 shape=M13 kernel=nmSPARSE_VW4 latency=0.39844
SpMM on CudaCore sparsity ratio=0.5 shape=M13 kernel=nmSPARSE_VW32 latency=0.316177
SpMM on CudaCore sparsity ratio=0.5 shape=M13 kernel=nmSPARSE_BW4x4 latency=0.370145
SpMM on CudaCore sparsity ratio=0.5 shape=M14 kernel=nmSPARSE_EW latency=2.909132
SpMM on CudaCore sparsity ratio=0.5 shape=M14 kernel=nmSPARSE_VW4 latency=1.421247
SpMM on CudaCore sparsity ratio=0.5 shape=M14 kernel=nmSPARSE_VW32 latency=1.343727
SpMM on CudaCore sparsity ratio=0.5 shape=M14 kernel=nmSPARSE_BW4x4 latency=1.328886
SpMM on CudaCore sparsity ratio=0.5 shape=M15 kernel=nmSPARSE_EW latency=1.222335
SpMM on CudaCore sparsity ratio=0.5 shape=M15 kernel=nmSPARSE_VW4 latency=0.48914
SpMM on CudaCore sparsity ratio=0.5 shape=M15 kernel=nmSPARSE_VW32 latency=0.391977
SpMM on CudaCore sparsity ratio=0.5 shape=M15 kernel=nmSPARSE_BW4x4 latency=0.457241
SpMM on CudaCore sparsity ratio=0.5 shape=M16 kernel=nmSPARSE_EW latency=2.80837
SpMM on CudaCore sparsity ratio=0.5 shape=M16 kernel=nmSPARSE_VW4 latency=1.465802
SpMM on CudaCore sparsity ratio=0.5 shape=M16 kernel=nmSPARSE_VW32 latency=1.292095
SpMM on CudaCore sparsity ratio=0.5 shape=M16 kernel=nmSPARSE_BW4x4 latency=1.36432
SpMM on CudaCore sparsity ratio=0.5 shape=M17 kernel=nmSPARSE_EW latency=10.654876
SpMM on CudaCore sparsity ratio=0.5 shape=M17 kernel=nmSPARSE_VW4 latency=5.734072
SpMM on CudaCore sparsity ratio=0.5 shape=M17 kernel=nmSPARSE_VW32 latency=5.38049
SpMM on CudaCore sparsity ratio=0.5 shape=M17 kernel=nmSPARSE_BW4x4 latency=5.326904
SpMM on CudaCore sparsity ratio=0.5 shape=M18 kernel=nmSPARSE_EW latency=3.01105
SpMM on CudaCore sparsity ratio=0.5 shape=M18 kernel=nmSPARSE_VW4 latency=1.584169
SpMM on CudaCore sparsity ratio=0.5 shape=M18 kernel=nmSPARSE_VW32 latency=1.369305
SpMM on CudaCore sparsity ratio=0.5 shape=M18 kernel=nmSPARSE_BW4x4 latency=1.479482
SpMM on CudaCore sparsity ratio=0.5 shape=M19 kernel=nmSPARSE_EW latency=11.269509
SpMM on CudaCore sparsity ratio=0.5 shape=M19 kernel=nmSPARSE_VW4 latency=5.63458
SpMM on CudaCore sparsity ratio=0.5 shape=M19 kernel=nmSPARSE_VW32 latency=5.234994
SpMM on CudaCore sparsity ratio=0.5 shape=M19 kernel=nmSPARSE_BW4x4 latency=5.274992
SpMM on CudaCore sparsity ratio=0.5 shape=M20 kernel=nmSPARSE_EW latency=45.436558
SpMM on CudaCore sparsity ratio=0.5 shape=M20 kernel=nmSPARSE_VW4 latency=23.159521
SpMM on CudaCore sparsity ratio=0.5 shape=M20 kernel=nmSPARSE_VW32 latency=21.909946
SpMM on CudaCore sparsity ratio=0.5 shape=M20 kernel=nmSPARSE_BW4x4 latency=21.757256
SpMM on CudaCore sparsity ratio=0.5 shape=M21 kernel=nmSPARSE_EW latency=0.280596
SpMM on CudaCore sparsity ratio=0.5 shape=M21 kernel=nmSPARSE_VW4 latency=0.123968
SpMM on CudaCore sparsity ratio=0.5 shape=M21 kernel=nmSPARSE_VW32 latency=0.102085
SpMM on CudaCore sparsity ratio=0.5 shape=M21 kernel=nmSPARSE_BW4x4 latency=0.11537
SpMM on CudaCore sparsity ratio=0.5 shape=M22 kernel=nmSPARSE_EW latency=0.717107
SpMM on CudaCore sparsity ratio=0.5 shape=M22 kernel=nmSPARSE_VW4 latency=0.372977
SpMM on CudaCore sparsity ratio=0.5 shape=M22 kernel=nmSPARSE_VW32 latency=0.308203
SpMM on CudaCore sparsity ratio=0.5 shape=M22 kernel=nmSPARSE_BW4x4 latency=0.346313
SpMM on CudaCore sparsity ratio=0.5 shape=M23 kernel=nmSPARSE_EW latency=2.584164
SpMM on CudaCore sparsity ratio=0.5 shape=M23 kernel=nmSPARSE_VW4 latency=1.402602
SpMM on CudaCore sparsity ratio=0.5 shape=M23 kernel=nmSPARSE_VW32 latency=1.28095
SpMM on CudaCore sparsity ratio=0.5 shape=M23 kernel=nmSPARSE_BW4x4 latency=1.301055
SpMM on CudaCore sparsity ratio=0.5 shape=M24 kernel=nmSPARSE_EW latency=1.04266
SpMM on CudaCore sparsity ratio=0.5 shape=M24 kernel=nmSPARSE_VW4 latency=0.258171
SpMM on CudaCore sparsity ratio=0.5 shape=M24 kernel=nmSPARSE_VW32 latency=0.150986
SpMM on CudaCore sparsity ratio=0.5 shape=M24 kernel=nmSPARSE_BW4x4 latency=0.240935
SpMM on CudaCore sparsity ratio=0.5 shape=M25 kernel=nmSPARSE_EW latency=1.235907
SpMM on CudaCore sparsity ratio=0.5 shape=M25 kernel=nmSPARSE_VW4 latency=0.480475
SpMM on CudaCore sparsity ratio=0.5 shape=M25 kernel=nmSPARSE_VW32 latency=0.392274
SpMM on CudaCore sparsity ratio=0.5 shape=M25 kernel=nmSPARSE_BW4x4 latency=0.450873
SpMM on CudaCore sparsity ratio=0.5 shape=M26 kernel=nmSPARSE_EW latency=2.848842
SpMM on CudaCore sparsity ratio=0.5 shape=M26 kernel=nmSPARSE_VW4 latency=1.5105
SpMM on CudaCore sparsity ratio=0.5 shape=M26 kernel=nmSPARSE_VW32 latency=1.393422
SpMM on CudaCore sparsity ratio=0.5 shape=M26 kernel=nmSPARSE_BW4x4 latency=1.40994
SpMM on CudaCore sparsity ratio=0.5 shape=M27 kernel=nmSPARSE_EW latency=4.342032
SpMM on CudaCore sparsity ratio=0.5 shape=M27 kernel=nmSPARSE_VW4 latency=2.245608
SpMM on CudaCore sparsity ratio=0.5 shape=M27 kernel=nmSPARSE_VW32 latency=1.999626
SpMM on CudaCore sparsity ratio=0.5 shape=M27 kernel=nmSPARSE_BW4x4 latency=2.115765
SpMM on CudaCore sparsity ratio=0.5 shape=M28 kernel=nmSPARSE_EW latency=16.389618
SpMM on CudaCore sparsity ratio=0.5 shape=M28 kernel=nmSPARSE_VW4 latency=8.833431
SpMM on CudaCore sparsity ratio=0.5 shape=M28 kernel=nmSPARSE_VW32 latency=7.7486
SpMM on CudaCore sparsity ratio=0.5 shape=M28 kernel=nmSPARSE_BW4x4 latency=8.299662
SpMM on CudaCore sparsity ratio=0.5 shape=M29 kernel=nmSPARSE_EW latency=71.421608
SpMM on CudaCore sparsity ratio=0.5 shape=M29 kernel=nmSPARSE_VW4 latency=36.449394
SpMM on CudaCore sparsity ratio=0.5 shape=M29 kernel=nmSPARSE_VW32 latency=34.711174
SpMM on CudaCore sparsity ratio=0.5 shape=M29 kernel=nmSPARSE_BW4x4 latency=34.3717
SpMM on CudaCore sparsity ratio=0.5 shape=M30 kernel=nmSPARSE_EW latency=6.569035
SpMM on CudaCore sparsity ratio=0.5 shape=M30 kernel=nmSPARSE_VW4 latency=2.485522
SpMM on CudaCore sparsity ratio=0.5 shape=M30 kernel=nmSPARSE_VW32 latency=2.341063
SpMM on CudaCore sparsity ratio=0.5 shape=M30 kernel=nmSPARSE_BW4x4 latency=2.322696
SpMM on CudaCore sparsity ratio=0.5 shape=M31 kernel=nmSPARSE_EW latency=17.753029
SpMM on CudaCore sparsity ratio=0.5 shape=M31 kernel=nmSPARSE_VW4 latency=9.070569
SpMM on CudaCore sparsity ratio=0.5 shape=M31 kernel=nmSPARSE_VW32 latency=8.410203
SpMM on CudaCore sparsity ratio=0.5 shape=M31 kernel=nmSPARSE_BW4x4 latency=8.503007
SpMM on CudaCore sparsity ratio=0.5 shape=M32 kernel=nmSPARSE_EW latency=73.891319
SpMM on CudaCore sparsity ratio=0.5 shape=M32 kernel=nmSPARSE_VW4 latency=36.854908
SpMM on CudaCore sparsity ratio=0.5 shape=M32 kernel=nmSPARSE_VW32 latency=35.016438
SpMM on CudaCore sparsity ratio=0.5 shape=M32 kernel=nmSPARSE_BW4x4 latency=34.677509
SpMM on CudaCore sparsity ratio=0.75 shape=M9 kernel=nmSPARSE_EW latency=0.062651
SpMM on CudaCore sparsity ratio=0.75 shape=M9 kernel=nmSPARSE_VW4 latency=0.032756
SpMM on CudaCore sparsity ratio=0.75 shape=M9 kernel=nmSPARSE_VW32 latency=0.021496
SpMM on CudaCore sparsity ratio=0.75 shape=M9 kernel=nmSPARSE_BW4x4 latency=0.031534
SpMM on CudaCore sparsity ratio=0.75 shape=M10 kernel=nmSPARSE_EW latency=0.100332
SpMM on CudaCore sparsity ratio=0.75 shape=M10 kernel=nmSPARSE_VW4 latency=0.063728
SpMM on CudaCore sparsity ratio=0.75 shape=M10 kernel=nmSPARSE_VW32 latency=0.052093
SpMM on CudaCore sparsity ratio=0.75 shape=M10 kernel=nmSPARSE_BW4x4 latency=0.062119
SpMM on CudaCore sparsity ratio=0.75 shape=M11 kernel=nmSPARSE_EW latency=0.374945
SpMM on CudaCore sparsity ratio=0.75 shape=M11 kernel=nmSPARSE_VW4 latency=0.198788
SpMM on CudaCore sparsity ratio=0.75 shape=M11 kernel=nmSPARSE_VW32 latency=0.164149
SpMM on CudaCore sparsity ratio=0.75 shape=M11 kernel=nmSPARSE_BW4x4 latency=0.187701
SpMM on CudaCore sparsity ratio=0.75 shape=M12 kernel=nmSPARSE_EW latency=0.132782
SpMM on CudaCore sparsity ratio=0.75 shape=M12 kernel=nmSPARSE_VW4 latency=0.082631
SpMM on CudaCore sparsity ratio=0.75 shape=M12 kernel=nmSPARSE_VW32 latency=0.054143
SpMM on CudaCore sparsity ratio=0.75 shape=M12 kernel=nmSPARSE_BW4x4 latency=0.083688
SpMM on CudaCore sparsity ratio=0.75 shape=M13 kernel=nmSPARSE_EW latency=0.415073
SpMM on CudaCore sparsity ratio=0.75 shape=M13 kernel=nmSPARSE_VW4 latency=0.195787
SpMM on CudaCore sparsity ratio=0.75 shape=M13 kernel=nmSPARSE_VW32 latency=0.161548
SpMM on CudaCore sparsity ratio=0.75 shape=M13 kernel=nmSPARSE_BW4x4 latency=0.192908
SpMM on CudaCore sparsity ratio=0.75 shape=M14 kernel=nmSPARSE_EW latency=1.563177
SpMM on CudaCore sparsity ratio=0.75 shape=M14 kernel=nmSPARSE_VW4 latency=0.764097
SpMM on CudaCore sparsity ratio=0.75 shape=M14 kernel=nmSPARSE_VW32 latency=0.647411
SpMM on CudaCore sparsity ratio=0.75 shape=M14 kernel=nmSPARSE_BW4x4 latency=0.739207
SpMM on CudaCore sparsity ratio=0.75 shape=M15 kernel=nmSPARSE_EW latency=0.510894
SpMM on CudaCore sparsity ratio=0.75 shape=M15 kernel=nmSPARSE_VW4 latency=0.245292
SpMM on CudaCore sparsity ratio=0.75 shape=M15 kernel=nmSPARSE_VW32 latency=0.200051
SpMM on CudaCore sparsity ratio=0.75 shape=M15 kernel=nmSPARSE_BW4x4 latency=0.243205
SpMM on CudaCore sparsity ratio=0.75 shape=M16 kernel=nmSPARSE_EW latency=1.484862
SpMM on CudaCore sparsity ratio=0.75 shape=M16 kernel=nmSPARSE_VW4 latency=0.789983
SpMM on CudaCore sparsity ratio=0.75 shape=M16 kernel=nmSPARSE_VW32 latency=0.61636
SpMM on CudaCore sparsity ratio=0.75 shape=M16 kernel=nmSPARSE_BW4x4 latency=0.7539
SpMM on CudaCore sparsity ratio=0.75 shape=M17 kernel=nmSPARSE_EW latency=6.255545
SpMM on CudaCore sparsity ratio=0.75 shape=M17 kernel=nmSPARSE_VW4 latency=3.074107
SpMM on CudaCore sparsity ratio=0.75 shape=M17 kernel=nmSPARSE_VW32 latency=2.674434
SpMM on CudaCore sparsity ratio=0.75 shape=M17 kernel=nmSPARSE_BW4x4 latency=2.976859
SpMM on CudaCore sparsity ratio=0.75 shape=M18 kernel=nmSPARSE_EW latency=1.680397
SpMM on CudaCore sparsity ratio=0.75 shape=M18 kernel=nmSPARSE_VW4 latency=0.794461
SpMM on CudaCore sparsity ratio=0.75 shape=M18 kernel=nmSPARSE_VW32 latency=0.656473
SpMM on CudaCore sparsity ratio=0.75 shape=M18 kernel=nmSPARSE_BW4x4 latency=0.774008
SpMM on CudaCore sparsity ratio=0.75 shape=M19 kernel=nmSPARSE_EW latency=5.831351
SpMM on CudaCore sparsity ratio=0.75 shape=M19 kernel=nmSPARSE_VW4 latency=2.957603
SpMM on CudaCore sparsity ratio=0.75 shape=M19 kernel=nmSPARSE_VW32 latency=2.584613
SpMM on CudaCore sparsity ratio=0.75 shape=M19 kernel=nmSPARSE_BW4x4 latency=2.877528
SpMM on CudaCore sparsity ratio=0.75 shape=M20 kernel=nmSPARSE_EW latency=26.172173
SpMM on CudaCore sparsity ratio=0.75 shape=M20 kernel=nmSPARSE_VW4 latency=12.400583
SpMM on CudaCore sparsity ratio=0.75 shape=M20 kernel=nmSPARSE_VW32 latency=10.88974
SpMM on CudaCore sparsity ratio=0.75 shape=M20 kernel=nmSPARSE_BW4x4 latency=12.024479
SpMM on CudaCore sparsity ratio=0.75 shape=M21 kernel=nmSPARSE_EW latency=0.101228
SpMM on CudaCore sparsity ratio=0.75 shape=M21 kernel=nmSPARSE_VW4 latency=0.064775
SpMM on CudaCore sparsity ratio=0.75 shape=M21 kernel=nmSPARSE_VW32 latency=0.0523
SpMM on CudaCore sparsity ratio=0.75 shape=M21 kernel=nmSPARSE_BW4x4 latency=0.061241
SpMM on CudaCore sparsity ratio=0.75 shape=M22 kernel=nmSPARSE_EW latency=0.37236
SpMM on CudaCore sparsity ratio=0.75 shape=M22 kernel=nmSPARSE_VW4 latency=0.203293
SpMM on CudaCore sparsity ratio=0.75 shape=M22 kernel=nmSPARSE_VW32 latency=0.16041
SpMM on CudaCore sparsity ratio=0.75 shape=M22 kernel=nmSPARSE_BW4x4 latency=0.194937
SpMM on CudaCore sparsity ratio=0.75 shape=M23 kernel=nmSPARSE_EW latency=1.396466
SpMM on CudaCore sparsity ratio=0.75 shape=M23 kernel=nmSPARSE_VW4 latency=0.754954
SpMM on CudaCore sparsity ratio=0.75 shape=M23 kernel=nmSPARSE_VW32 latency=0.628838
SpMM on CudaCore sparsity ratio=0.75 shape=M23 kernel=nmSPARSE_BW4x4 latency=0.710184
SpMM on CudaCore sparsity ratio=0.75 shape=M24 kernel=nmSPARSE_EW latency=0.241814
SpMM on CudaCore sparsity ratio=0.75 shape=M24 kernel=nmSPARSE_VW4 latency=0.120388
SpMM on CudaCore sparsity ratio=0.75 shape=M24 kernel=nmSPARSE_VW32 latency=0.074043
SpMM on CudaCore sparsity ratio=0.75 shape=M24 kernel=nmSPARSE_BW4x4 latency=0.122355
SpMM on CudaCore sparsity ratio=0.75 shape=M25 kernel=nmSPARSE_EW latency=0.495863
SpMM on CudaCore sparsity ratio=0.75 shape=M25 kernel=nmSPARSE_VW4 latency=0.247216
SpMM on CudaCore sparsity ratio=0.75 shape=M25 kernel=nmSPARSE_VW32 latency=0.198821
SpMM on CudaCore sparsity ratio=0.75 shape=M25 kernel=nmSPARSE_BW4x4 latency=0.240036
SpMM on CudaCore sparsity ratio=0.75 shape=M26 kernel=nmSPARSE_EW latency=1.577255
SpMM on CudaCore sparsity ratio=0.75 shape=M26 kernel=nmSPARSE_VW4 latency=0.828805
SpMM on CudaCore sparsity ratio=0.75 shape=M26 kernel=nmSPARSE_VW32 latency=0.689417
SpMM on CudaCore sparsity ratio=0.75 shape=M26 kernel=nmSPARSE_BW4x4 latency=0.793387
SpMM on CudaCore sparsity ratio=0.75 shape=M27 kernel=nmSPARSE_EW latency=2.299022
SpMM on CudaCore sparsity ratio=0.75 shape=M27 kernel=nmSPARSE_VW4 latency=1.198384
SpMM on CudaCore sparsity ratio=0.75 shape=M27 kernel=nmSPARSE_VW32 latency=1.02494
SpMM on CudaCore sparsity ratio=0.75 shape=M27 kernel=nmSPARSE_BW4x4 latency=1.155063
SpMM on CudaCore sparsity ratio=0.75 shape=M28 kernel=nmSPARSE_EW latency=8.823353
SpMM on CudaCore sparsity ratio=0.75 shape=M28 kernel=nmSPARSE_VW4 latency=4.722487
SpMM on CudaCore sparsity ratio=0.75 shape=M28 kernel=nmSPARSE_VW32 latency=3.915341
SpMM on CudaCore sparsity ratio=0.75 shape=M28 kernel=nmSPARSE_BW4x4 latency=4.392776
SpMM on CudaCore sparsity ratio=0.75 shape=M29 kernel=nmSPARSE_EW latency=40.970581
SpMM on CudaCore sparsity ratio=0.75 shape=M29 kernel=nmSPARSE_VW4 latency=19.870161
SpMM on CudaCore sparsity ratio=0.75 shape=M29 kernel=nmSPARSE_VW32 latency=17.054964
SpMM on CudaCore sparsity ratio=0.75 shape=M29 kernel=nmSPARSE_BW4x4 latency=18.840073
SpMM on CudaCore sparsity ratio=0.75 shape=M30 kernel=nmSPARSE_EW latency=2.738492
SpMM on CudaCore sparsity ratio=0.75 shape=M30 kernel=nmSPARSE_VW4 latency=1.250244
SpMM on CudaCore sparsity ratio=0.75 shape=M30 kernel=nmSPARSE_VW32 latency=1.172716
SpMM on CudaCore sparsity ratio=0.75 shape=M30 kernel=nmSPARSE_BW4x4 latency=1.214909
SpMM on CudaCore sparsity ratio=0.75 shape=M31 kernel=nmSPARSE_EW latency=9.817818
SpMM on CudaCore sparsity ratio=0.75 shape=M31 kernel=nmSPARSE_VW4 latency=4.869071
SpMM on CudaCore sparsity ratio=0.75 shape=M31 kernel=nmSPARSE_VW32 latency=4.231882
SpMM on CudaCore sparsity ratio=0.75 shape=M31 kernel=nmSPARSE_BW4x4 latency=4.636099
SpMM on CudaCore sparsity ratio=0.75 shape=M32 kernel=nmSPARSE_EW latency=42.058205
SpMM on CudaCore sparsity ratio=0.75 shape=M32 kernel=nmSPARSE_VW4 latency=20.022572
SpMM on CudaCore sparsity ratio=0.75 shape=M32 kernel=nmSPARSE_VW32 latency=17.354471
SpMM on CudaCore sparsity ratio=0.75 shape=M32 kernel=nmSPARSE_BW4x4 latency=19.076178
SpMM on CudaCore sparsity ratio=0.90625 shape=M9 kernel=nmSPARSE_EW latency=0.031998
SpMM on CudaCore sparsity ratio=0.90625 shape=M9 kernel=nmSPARSE_VW4 latency=0.017423
SpMM on CudaCore sparsity ratio=0.90625 shape=M9 kernel=nmSPARSE_VW32 latency=0.010778
SpMM on CudaCore sparsity ratio=0.90625 shape=M9 kernel=nmSPARSE_BW4x4 latency=0.017115
SpMM on CudaCore sparsity ratio=0.90625 shape=M10 kernel=nmSPARSE_EW latency=0.054479
SpMM on CudaCore sparsity ratio=0.90625 shape=M10 kernel=nmSPARSE_VW4 latency=0.031029
SpMM on CudaCore sparsity ratio=0.90625 shape=M10 kernel=nmSPARSE_VW32 latency=0.021361
SpMM on CudaCore sparsity ratio=0.90625 shape=M10 kernel=nmSPARSE_BW4x4 latency=0.029795
SpMM on CudaCore sparsity ratio=0.90625 shape=M11 kernel=nmSPARSE_EW latency=0.187177
SpMM on CudaCore sparsity ratio=0.90625 shape=M11 kernel=nmSPARSE_VW4 latency=0.09318
SpMM on CudaCore sparsity ratio=0.90625 shape=M11 kernel=nmSPARSE_VW32 latency=0.069822
SpMM on CudaCore sparsity ratio=0.90625 shape=M11 kernel=nmSPARSE_BW4x4 latency=0.087974
SpMM on CudaCore sparsity ratio=0.90625 shape=M12 kernel=nmSPARSE_EW latency=0.066433
SpMM on CudaCore sparsity ratio=0.90625 shape=M12 kernel=nmSPARSE_VW4 latency=0.041157
SpMM on CudaCore sparsity ratio=0.90625 shape=M12 kernel=nmSPARSE_VW32 latency=0.024162
SpMM on CudaCore sparsity ratio=0.90625 shape=M12 kernel=nmSPARSE_BW4x4 latency=0.039581
SpMM on CudaCore sparsity ratio=0.90625 shape=M13 kernel=nmSPARSE_EW latency=0.189882
SpMM on CudaCore sparsity ratio=0.90625 shape=M13 kernel=nmSPARSE_VW4 latency=0.090496
SpMM on CudaCore sparsity ratio=0.90625 shape=M13 kernel=nmSPARSE_VW32 latency=0.064223
SpMM on CudaCore sparsity ratio=0.90625 shape=M13 kernel=nmSPARSE_BW4x4 latency=0.085141
SpMM on CudaCore sparsity ratio=0.90625 shape=M14 kernel=nmSPARSE_EW latency=0.81135
SpMM on CudaCore sparsity ratio=0.90625 shape=M14 kernel=nmSPARSE_VW4 latency=0.361422
SpMM on CudaCore sparsity ratio=0.90625 shape=M14 kernel=nmSPARSE_VW32 latency=0.240512
SpMM on CudaCore sparsity ratio=0.90625 shape=M14 kernel=nmSPARSE_BW4x4 latency=0.341575
SpMM on CudaCore sparsity ratio=0.90625 shape=M15 kernel=nmSPARSE_EW latency=0.215367
SpMM on CudaCore sparsity ratio=0.90625 shape=M15 kernel=nmSPARSE_VW4 latency=0.109463
SpMM on CudaCore sparsity ratio=0.90625 shape=M15 kernel=nmSPARSE_VW32 latency=0.069597
SpMM on CudaCore sparsity ratio=0.90625 shape=M15 kernel=nmSPARSE_BW4x4 latency=0.104255
SpMM on CudaCore sparsity ratio=0.90625 shape=M16 kernel=nmSPARSE_EW latency=0.737315
SpMM on CudaCore sparsity ratio=0.90625 shape=M16 kernel=nmSPARSE_VW4 latency=0.339101
SpMM on CudaCore sparsity ratio=0.90625 shape=M16 kernel=nmSPARSE_VW32 latency=0.226991
SpMM on CudaCore sparsity ratio=0.90625 shape=M16 kernel=nmSPARSE_BW4x4 latency=0.319638
SpMM on CudaCore sparsity ratio=0.90625 shape=M17 kernel=nmSPARSE_EW latency=4.381174
SpMM on CudaCore sparsity ratio=0.90625 shape=M17 kernel=nmSPARSE_VW4 latency=1.576723
SpMM on CudaCore sparsity ratio=0.90625 shape=M17 kernel=nmSPARSE_VW32 latency=1.037235
SpMM on CudaCore sparsity ratio=0.90625 shape=M17 kernel=nmSPARSE_BW4x4 latency=1.519934
SpMM on CudaCore sparsity ratio=0.90625 shape=M18 kernel=nmSPARSE_EW latency=0.801937
SpMM on CudaCore sparsity ratio=0.90625 shape=M18 kernel=nmSPARSE_VW4 latency=0.347404
SpMM on CudaCore sparsity ratio=0.90625 shape=M18 kernel=nmSPARSE_VW32 latency=0.241078
SpMM on CudaCore sparsity ratio=0.90625 shape=M18 kernel=nmSPARSE_BW4x4 latency=0.328656
SpMM on CudaCore sparsity ratio=0.90625 shape=M19 kernel=nmSPARSE_EW latency=2.956413
SpMM on CudaCore sparsity ratio=0.90625 shape=M19 kernel=nmSPARSE_VW4 latency=1.347375
SpMM on CudaCore sparsity ratio=0.90625 shape=M19 kernel=nmSPARSE_VW32 latency=1.002101
SpMM on CudaCore sparsity ratio=0.90625 shape=M19 kernel=nmSPARSE_BW4x4 latency=1.282672
SpMM on CudaCore sparsity ratio=0.90625 shape=M20 kernel=nmSPARSE_EW latency=19.717155
SpMM on CudaCore sparsity ratio=0.90625 shape=M20 kernel=nmSPARSE_VW4 latency=6.241366
SpMM on CudaCore sparsity ratio=0.90625 shape=M20 kernel=nmSPARSE_VW32 latency=3.944047
SpMM on CudaCore sparsity ratio=0.90625 shape=M20 kernel=nmSPARSE_BW4x4 latency=6.062798
SpMM on CudaCore sparsity ratio=0.90625 shape=M21 kernel=nmSPARSE_EW latency=0.054324
SpMM on CudaCore sparsity ratio=0.90625 shape=M21 kernel=nmSPARSE_VW4 latency=0.030588
SpMM on CudaCore sparsity ratio=0.90625 shape=M21 kernel=nmSPARSE_VW32 latency=0.021396
SpMM on CudaCore sparsity ratio=0.90625 shape=M21 kernel=nmSPARSE_BW4x4 latency=0.029115
SpMM on CudaCore sparsity ratio=0.90625 shape=M22 kernel=nmSPARSE_EW latency=0.181443
SpMM on CudaCore sparsity ratio=0.90625 shape=M22 kernel=nmSPARSE_VW4 latency=0.088866
SpMM on CudaCore sparsity ratio=0.90625 shape=M22 kernel=nmSPARSE_VW32 latency=0.064245
SpMM on CudaCore sparsity ratio=0.90625 shape=M22 kernel=nmSPARSE_BW4x4 latency=0.0834
SpMM on CudaCore sparsity ratio=0.90625 shape=M23 kernel=nmSPARSE_EW latency=0.714637
SpMM on CudaCore sparsity ratio=0.90625 shape=M23 kernel=nmSPARSE_VW4 latency=0.335631
SpMM on CudaCore sparsity ratio=0.90625 shape=M23 kernel=nmSPARSE_VW32 latency=0.247113
SpMM on CudaCore sparsity ratio=0.90625 shape=M23 kernel=nmSPARSE_BW4x4 latency=0.317164
SpMM on CudaCore sparsity ratio=0.90625 shape=M24 kernel=nmSPARSE_EW latency=0.119408
SpMM on CudaCore sparsity ratio=0.90625 shape=M24 kernel=nmSPARSE_VW4 latency=0.062635
SpMM on CudaCore sparsity ratio=0.90625 shape=M24 kernel=nmSPARSE_VW32 latency=0.032294
SpMM on CudaCore sparsity ratio=0.90625 shape=M24 kernel=nmSPARSE_BW4x4 latency=0.060601
SpMM on CudaCore sparsity ratio=0.90625 shape=M25 kernel=nmSPARSE_EW latency=0.237067
SpMM on CudaCore sparsity ratio=0.90625 shape=M25 kernel=nmSPARSE_VW4 latency=0.109257
SpMM on CudaCore sparsity ratio=0.90625 shape=M25 kernel=nmSPARSE_VW32 latency=0.070674
SpMM on CudaCore sparsity ratio=0.90625 shape=M25 kernel=nmSPARSE_BW4x4 latency=0.104002
SpMM on CudaCore sparsity ratio=0.90625 shape=M26 kernel=nmSPARSE_EW latency=0.858525
SpMM on CudaCore sparsity ratio=0.90625 shape=M26 kernel=nmSPARSE_VW4 latency=0.370585
SpMM on CudaCore sparsity ratio=0.90625 shape=M26 kernel=nmSPARSE_VW32 latency=0.241396
SpMM on CudaCore sparsity ratio=0.90625 shape=M26 kernel=nmSPARSE_BW4x4 latency=0.354133
SpMM on CudaCore sparsity ratio=0.90625 shape=M27 kernel=nmSPARSE_EW latency=1.154017
SpMM on CudaCore sparsity ratio=0.90625 shape=M27 kernel=nmSPARSE_VW4 latency=0.510633
SpMM on CudaCore sparsity ratio=0.90625 shape=M27 kernel=nmSPARSE_VW32 latency=0.360336
SpMM on CudaCore sparsity ratio=0.90625 shape=M27 kernel=nmSPARSE_BW4x4 latency=0.474783
SpMM on CudaCore sparsity ratio=0.90625 shape=M28 kernel=nmSPARSE_EW latency=4.423012
SpMM on CudaCore sparsity ratio=0.90625 shape=M28 kernel=nmSPARSE_VW4 latency=2.017876
SpMM on CudaCore sparsity ratio=0.90625 shape=M28 kernel=nmSPARSE_VW32 latency=1.47222
SpMM on CudaCore sparsity ratio=0.90625 shape=M28 kernel=nmSPARSE_BW4x4 latency=1.884367
SpMM on CudaCore sparsity ratio=0.90625 shape=M29 kernel=nmSPARSE_EW latency=29.819286
SpMM on CudaCore sparsity ratio=0.90625 shape=M29 kernel=nmSPARSE_VW4 latency=10.590275
SpMM on CudaCore sparsity ratio=0.90625 shape=M29 kernel=nmSPARSE_VW32 latency=6.23999
SpMM on CudaCore sparsity ratio=0.90625 shape=M29 kernel=nmSPARSE_BW4x4 latency=10.241979
SpMM on CudaCore sparsity ratio=0.90625 shape=M30 kernel=nmSPARSE_EW latency=1.374936
SpMM on CudaCore sparsity ratio=0.90625 shape=M30 kernel=nmSPARSE_VW4 latency=0.546336
SpMM on CudaCore sparsity ratio=0.90625 shape=M30 kernel=nmSPARSE_VW32 latency=0.394454
SpMM on CudaCore sparsity ratio=0.90625 shape=M30 kernel=nmSPARSE_BW4x4 latency=0.518193
SpMM on CudaCore sparsity ratio=0.90625 shape=M31 kernel=nmSPARSE_EW latency=5.376258
SpMM on CudaCore sparsity ratio=0.90625 shape=M31 kernel=nmSPARSE_VW4 latency=2.134014
SpMM on CudaCore sparsity ratio=0.90625 shape=M31 kernel=nmSPARSE_VW32 latency=1.573967
SpMM on CudaCore sparsity ratio=0.90625 shape=M31 kernel=nmSPARSE_BW4x4 latency=1.999442
SpMM on CudaCore sparsity ratio=0.90625 shape=M32 kernel=nmSPARSE_EW latency=32.327713
SpMM on CudaCore sparsity ratio=0.90625 shape=M32 kernel=nmSPARSE_VW4 latency=10.389865
SpMM on CudaCore sparsity ratio=0.90625 shape=M32 kernel=nmSPARSE_VW32 latency=6.346559
SpMM on CudaCore sparsity ratio=0.90625 shape=M32 kernel=nmSPARSE_BW4x4 latency=10.09831
SpMM on TensorCore sparsity ratio=0.5 shape=M9 kernel=nmSPARSE_VW64 latency=0.012544
SpMM on TensorCore sparsity ratio=0.5 shape=M9 kernel=nmSPARSE_BW64x64 latency=0.013
SpMM on TensorCore sparsity ratio=0.5 shape=M10 kernel=nmSPARSE_VW64 latency=0.031869
SpMM on TensorCore sparsity ratio=0.5 shape=M10 kernel=nmSPARSE_BW64x64 latency=0.017
SpMM on TensorCore sparsity ratio=0.5 shape=M11 kernel=nmSPARSE_VW64 latency=0.096934
SpMM on TensorCore sparsity ratio=0.5 shape=M11 kernel=nmSPARSE_BW64x64 latency=0.037
SpMM on TensorCore sparsity ratio=0.5 shape=M12 kernel=nmSPARSE_VW64 latency=0.028426
SpMM on TensorCore sparsity ratio=0.5 shape=M12 kernel=nmSPARSE_BW64x64 latency=0.02
SpMM on TensorCore sparsity ratio=0.5 shape=M13 kernel=nmSPARSE_VW64 latency=0.086813
SpMM on TensorCore sparsity ratio=0.5 shape=M13 kernel=nmSPARSE_BW64x64 latency=0.035
SpMM on TensorCore sparsity ratio=0.5 shape=M14 kernel=nmSPARSE_VW64 latency=0.313021
SpMM on TensorCore sparsity ratio=0.5 shape=M14 kernel=nmSPARSE_BW64x64 latency=0.114
SpMM on TensorCore sparsity ratio=0.5 shape=M15 kernel=nmSPARSE_VW64 latency=0.108547
SpMM on TensorCore sparsity ratio=0.5 shape=M15 kernel=nmSPARSE_BW64x64 latency=0.043
SpMM on TensorCore sparsity ratio=0.5 shape=M16 kernel=nmSPARSE_VW64 latency=0.341632
SpMM on TensorCore sparsity ratio=0.5 shape=M16 kernel=nmSPARSE_BW64x64 latency=0.12
SpMM on TensorCore sparsity ratio=0.5 shape=M17 kernel=nmSPARSE_VW64 latency=1.565363
SpMM on TensorCore sparsity ratio=0.5 shape=M17 kernel=nmSPARSE_BW64x64 latency=0.385
SpMM on TensorCore sparsity ratio=0.5 shape=M18 kernel=nmSPARSE_VW64 latency=0.534189
SpMM on TensorCore sparsity ratio=0.5 shape=M18 kernel=nmSPARSE_BW64x64 latency=0.145
SpMM on TensorCore sparsity ratio=0.5 shape=M19 kernel=nmSPARSE_VW64 latency=1.806272
SpMM on TensorCore sparsity ratio=0.5 shape=M19 kernel=nmSPARSE_BW64x64 latency=0.361
SpMM on TensorCore sparsity ratio=0.5 shape=M20 kernel=nmSPARSE_VW64 latency=10.311892
SpMM on TensorCore sparsity ratio=0.5 shape=M20 kernel=nmSPARSE_BW64x64 latency=1.514
SpMM on TensorCore sparsity ratio=0.5 shape=M21 kernel=nmSPARSE_VW64 latency=0.027334
SpMM on TensorCore sparsity ratio=0.5 shape=M21 kernel=nmSPARSE_BW64x64 latency=0.017
SpMM on TensorCore sparsity ratio=0.5 shape=M22 kernel=nmSPARSE_VW64 latency=0.096278
SpMM on TensorCore sparsity ratio=0.5 shape=M22 kernel=nmSPARSE_BW64x64 latency=0.039
SpMM on TensorCore sparsity ratio=0.5 shape=M23 kernel=nmSPARSE_VW64 latency=0.372576
SpMM on TensorCore sparsity ratio=0.5 shape=M23 kernel=nmSPARSE_BW64x64 latency=0.131
SpMM on TensorCore sparsity ratio=0.5 shape=M24 kernel=nmSPARSE_VW64 latency=0.050253
SpMM on TensorCore sparsity ratio=0.5 shape=M24 kernel=nmSPARSE_BW64x64 latency=0.029
SpMM on TensorCore sparsity ratio=0.5 shape=M25 kernel=nmSPARSE_VW64 latency=0.108531
SpMM on TensorCore sparsity ratio=0.5 shape=M25 kernel=nmSPARSE_BW64x64 latency=0.041
SpMM on TensorCore sparsity ratio=0.5 shape=M26 kernel=nmSPARSE_VW64 latency=0.409424
SpMM on TensorCore sparsity ratio=0.5 shape=M26 kernel=nmSPARSE_BW64x64 latency=0.119
SpMM on TensorCore sparsity ratio=0.5 shape=M27 kernel=nmSPARSE_VW64 latency=0.740675
SpMM on TensorCore sparsity ratio=0.5 shape=M27 kernel=nmSPARSE_BW64x64 latency=0.176
SpMM on TensorCore sparsity ratio=0.5 shape=M28 kernel=nmSPARSE_VW64 latency=2.646026
SpMM on TensorCore sparsity ratio=0.5 shape=M28 kernel=nmSPARSE_BW64x64 latency=0.581
SpMM on TensorCore sparsity ratio=0.5 shape=M29 kernel=nmSPARSE_VW64 latency=12.027376
SpMM on TensorCore sparsity ratio=0.5 shape=M29 kernel=nmSPARSE_BW64x64 latency=2.284
SpMM on TensorCore sparsity ratio=0.5 shape=M30 kernel=nmSPARSE_VW64 latency=1.239485
SpMM on TensorCore sparsity ratio=0.5 shape=M30 kernel=nmSPARSE_BW64x64 latency=0.201
SpMM on TensorCore sparsity ratio=0.5 shape=M31 kernel=nmSPARSE_VW64 latency=4.521619
SpMM on TensorCore sparsity ratio=0.5 shape=M31 kernel=nmSPARSE_BW64x64 latency=0.545
SpMM on TensorCore sparsity ratio=0.5 shape=M32 kernel=nmSPARSE_VW64 latency=18.171993
SpMM on TensorCore sparsity ratio=0.5 shape=M32 kernel=nmSPARSE_BW64x64 latency=2.624
SpMM on TensorCore sparsity ratio=0.75 shape=M9 kernel=nmSPARSE_VW64 latency=0.00775
SpMM on TensorCore sparsity ratio=0.75 shape=M9 kernel=nmSPARSE_BW64x64 latency=0.011
SpMM on TensorCore sparsity ratio=0.75 shape=M10 kernel=nmSPARSE_VW64 latency=0.016317
SpMM on TensorCore sparsity ratio=0.75 shape=M10 kernel=nmSPARSE_BW64x64 latency=0.012
SpMM on TensorCore sparsity ratio=0.75 shape=M11 kernel=nmSPARSE_VW64 latency=0.048237
SpMM on TensorCore sparsity ratio=0.75 shape=M11 kernel=nmSPARSE_BW64x64 latency=0.025
SpMM on TensorCore sparsity ratio=0.75 shape=M12 kernel=nmSPARSE_VW64 latency=0.01569
SpMM on TensorCore sparsity ratio=0.75 shape=M12 kernel=nmSPARSE_BW64x64 latency=0.014
SpMM on TensorCore sparsity ratio=0.75 shape=M13 kernel=nmSPARSE_VW64 latency=0.050778
SpMM on TensorCore sparsity ratio=0.75 shape=M13 kernel=nmSPARSE_BW64x64 latency=0.023
SpMM on TensorCore sparsity ratio=0.75 shape=M14 kernel=nmSPARSE_VW64 latency=0.18143
SpMM on TensorCore sparsity ratio=0.75 shape=M14 kernel=nmSPARSE_BW64x64 latency=0.074
SpMM on TensorCore sparsity ratio=0.75 shape=M15 kernel=nmSPARSE_VW64 latency=0.052326
SpMM on TensorCore sparsity ratio=0.75 shape=M15 kernel=nmSPARSE_BW64x64 latency=0.031
SpMM on TensorCore sparsity ratio=0.75 shape=M16 kernel=nmSPARSE_VW64 latency=0.164019
SpMM on TensorCore sparsity ratio=0.75 shape=M16 kernel=nmSPARSE_BW64x64 latency=0.069
SpMM on TensorCore sparsity ratio=0.75 shape=M17 kernel=nmSPARSE_VW64 latency=0.679091
SpMM on TensorCore sparsity ratio=0.75 shape=M17 kernel=nmSPARSE_BW64x64 latency=0.219
SpMM on TensorCore sparsity ratio=0.75 shape=M18 kernel=nmSPARSE_VW64 latency=0.237152
SpMM on TensorCore sparsity ratio=0.75 shape=M18 kernel=nmSPARSE_BW64x64 latency=0.079
SpMM on TensorCore sparsity ratio=0.75 shape=M19 kernel=nmSPARSE_VW64 latency=0.828672
SpMM on TensorCore sparsity ratio=0.75 shape=M19 kernel=nmSPARSE_BW64x64 latency=0.201
SpMM on TensorCore sparsity ratio=0.75 shape=M20 kernel=nmSPARSE_VW64 latency=4.332797
SpMM on TensorCore sparsity ratio=0.75 shape=M20 kernel=nmSPARSE_BW64x64 latency=0.849
SpMM on TensorCore sparsity ratio=0.75 shape=M21 kernel=nmSPARSE_VW64 latency=0.01657
SpMM on TensorCore sparsity ratio=0.75 shape=M21 kernel=nmSPARSE_BW64x64 latency=0.013
SpMM on TensorCore sparsity ratio=0.75 shape=M22 kernel=nmSPARSE_VW64 latency=0.047603
SpMM on TensorCore sparsity ratio=0.75 shape=M22 kernel=nmSPARSE_BW64x64 latency=0.027
SpMM on TensorCore sparsity ratio=0.75 shape=M23 kernel=nmSPARSE_VW64 latency=0.177398
SpMM on TensorCore sparsity ratio=0.75 shape=M23 kernel=nmSPARSE_BW64x64 latency=0.089
SpMM on TensorCore sparsity ratio=0.75 shape=M24 kernel=nmSPARSE_VW64 latency=0.022202
SpMM on TensorCore sparsity ratio=0.75 shape=M24 kernel=nmSPARSE_BW64x64 latency=0.019
SpMM on TensorCore sparsity ratio=0.75 shape=M25 kernel=nmSPARSE_VW64 latency=0.051766
SpMM on TensorCore sparsity ratio=0.75 shape=M25 kernel=nmSPARSE_BW64x64 latency=0.025
SpMM on TensorCore sparsity ratio=0.75 shape=M26 kernel=nmSPARSE_VW64 latency=0.18408
SpMM on TensorCore sparsity ratio=0.75 shape=M26 kernel=nmSPARSE_BW64x64 latency=0.067
SpMM on TensorCore sparsity ratio=0.75 shape=M27 kernel=nmSPARSE_VW64 latency=0.328723
SpMM on TensorCore sparsity ratio=0.75 shape=M27 kernel=nmSPARSE_BW64x64 latency=0.101
SpMM on TensorCore sparsity ratio=0.75 shape=M28 kernel=nmSPARSE_VW64 latency=1.148435
SpMM on TensorCore sparsity ratio=0.75 shape=M28 kernel=nmSPARSE_BW64x64 latency=0.325
SpMM on TensorCore sparsity ratio=0.75 shape=M29 kernel=nmSPARSE_VW64 latency=5.054912
SpMM on TensorCore sparsity ratio=0.75 shape=M29 kernel=nmSPARSE_BW64x64 latency=1.287
SpMM on TensorCore sparsity ratio=0.75 shape=M30 kernel=nmSPARSE_VW64 latency=0.529869
SpMM on TensorCore sparsity ratio=0.75 shape=M30 kernel=nmSPARSE_BW64x64 latency=0.12
SpMM on TensorCore sparsity ratio=0.75 shape=M31 kernel=nmSPARSE_VW64 latency=2.080733
SpMM on TensorCore sparsity ratio=0.75 shape=M31 kernel=nmSPARSE_BW64x64 latency=0.3
SpMM on TensorCore sparsity ratio=0.75 shape=M32 kernel=nmSPARSE_VW64 latency=8.500791
SpMM on TensorCore sparsity ratio=0.75 shape=M32 kernel=nmSPARSE_BW64x64 latency=1.448
SpMM on TensorCore sparsity ratio=0.90625 shape=M9 kernel=nmSPARSE_VW64 latency=0.005702
SpMM on TensorCore sparsity ratio=0.90625 shape=M9 kernel=nmSPARSE_BW64x64 latency=0.008
SpMM on TensorCore sparsity ratio=0.90625 shape=M10 kernel=nmSPARSE_VW64 latency=0.009584
SpMM on TensorCore sparsity ratio=0.90625 shape=M10 kernel=nmSPARSE_BW64x64 latency=0.01
SpMM on TensorCore sparsity ratio=0.90625 shape=M11 kernel=nmSPARSE_VW64 latency=0.026269
SpMM on TensorCore sparsity ratio=0.90625 shape=M11 kernel=nmSPARSE_BW64x64 latency=0.02
SpMM on TensorCore sparsity ratio=0.90625 shape=M12 kernel=nmSPARSE_VW64 latency=0.00943
SpMM on TensorCore sparsity ratio=0.90625 shape=M12 kernel=nmSPARSE_BW64x64 latency=0.01
SpMM on TensorCore sparsity ratio=0.90625 shape=M13 kernel=nmSPARSE_VW64 latency=0.023667
SpMM on TensorCore sparsity ratio=0.90625 shape=M13 kernel=nmSPARSE_BW64x64 latency=0.015
SpMM on TensorCore sparsity ratio=0.90625 shape=M14 kernel=nmSPARSE_VW64 latency=0.079382
SpMM on TensorCore sparsity ratio=0.90625 shape=M14 kernel=nmSPARSE_BW64x64 latency=0.046
SpMM on TensorCore sparsity ratio=0.90625 shape=M15 kernel=nmSPARSE_VW64 latency=0.022109
SpMM on TensorCore sparsity ratio=0.90625 shape=M15 kernel=nmSPARSE_BW64x64 latency=0.018
SpMM on TensorCore sparsity ratio=0.90625 shape=M16 kernel=nmSPARSE_VW64 latency=0.071226
SpMM on TensorCore sparsity ratio=0.90625 shape=M16 kernel=nmSPARSE_BW64x64 latency=0.038
SpMM on TensorCore sparsity ratio=0.90625 shape=M17 kernel=nmSPARSE_VW64 latency=0.27287
SpMM on TensorCore sparsity ratio=0.90625 shape=M17 kernel=nmSPARSE_BW64x64 latency=0.125
SpMM on TensorCore sparsity ratio=0.90625 shape=M18 kernel=nmSPARSE_VW64 latency=0.07129
SpMM on TensorCore sparsity ratio=0.90625 shape=M18 kernel=nmSPARSE_BW64x64 latency=0.036
SpMM on TensorCore sparsity ratio=0.90625 shape=M19 kernel=nmSPARSE_VW64 latency=0.257712
SpMM on TensorCore sparsity ratio=0.90625 shape=M19 kernel=nmSPARSE_BW64x64 latency=0.098
SpMM on TensorCore sparsity ratio=0.90625 shape=M20 kernel=nmSPARSE_VW64 latency=1.056995
SpMM on TensorCore sparsity ratio=0.90625 shape=M20 kernel=nmSPARSE_BW64x64 latency=0.398
SpMM on TensorCore sparsity ratio=0.90625 shape=M21 kernel=nmSPARSE_VW64 latency=0.009606
SpMM on TensorCore sparsity ratio=0.90625 shape=M21 kernel=nmSPARSE_BW64x64 latency=0.01
SpMM on TensorCore sparsity ratio=0.90625 shape=M22 kernel=nmSPARSE_VW64 latency=0.026448
SpMM on TensorCore sparsity ratio=0.90625 shape=M22 kernel=nmSPARSE_BW64x64 latency=0.019
SpMM on TensorCore sparsity ratio=0.90625 shape=M23 kernel=nmSPARSE_VW64 latency=0.0928
SpMM on TensorCore sparsity ratio=0.90625 shape=M23 kernel=nmSPARSE_BW64x64 latency=0.068
SpMM on TensorCore sparsity ratio=0.90625 shape=M24 kernel=nmSPARSE_VW64 latency=0.011059
SpMM on TensorCore sparsity ratio=0.90625 shape=M24 kernel=nmSPARSE_BW64x64 latency=0.013
SpMM on TensorCore sparsity ratio=0.90625 shape=M25 kernel=nmSPARSE_VW64 latency=0.02239
SpMM on TensorCore sparsity ratio=0.90625 shape=M25 kernel=nmSPARSE_BW64x64 latency=0.015
SpMM on TensorCore sparsity ratio=0.90625 shape=M26 kernel=nmSPARSE_VW64 latency=0.073114
SpMM on TensorCore sparsity ratio=0.90625 shape=M26 kernel=nmSPARSE_BW64x64 latency=0.035
SpMM on TensorCore sparsity ratio=0.90625 shape=M27 kernel=nmSPARSE_VW64 latency=0.105514
SpMM on TensorCore sparsity ratio=0.90625 shape=M27 kernel=nmSPARSE_BW64x64 latency=0.057
SpMM on TensorCore sparsity ratio=0.90625 shape=M28 kernel=nmSPARSE_VW64 latency=0.404874
SpMM on TensorCore sparsity ratio=0.90625 shape=M28 kernel=nmSPARSE_BW64x64 latency=0.167
SpMM on TensorCore sparsity ratio=0.90625 shape=M29 kernel=nmSPARSE_VW64 latency=1.617226
SpMM on TensorCore sparsity ratio=0.90625 shape=M29 kernel=nmSPARSE_BW64x64 latency=0.678
SpMM on TensorCore sparsity ratio=0.90625 shape=M30 kernel=nmSPARSE_VW64 latency=0.104419
SpMM on TensorCore sparsity ratio=0.90625 shape=M30 kernel=nmSPARSE_BW64x64 latency=0.058
SpMM on TensorCore sparsity ratio=0.90625 shape=M31 kernel=nmSPARSE_VW64 latency=0.406714
SpMM on TensorCore sparsity ratio=0.90625 shape=M31 kernel=nmSPARSE_BW64x64 latency=0.14
SpMM on TensorCore sparsity ratio=0.90625 shape=M32 kernel=nmSPARSE_VW64 latency=1.678109
SpMM on TensorCore sparsity ratio=0.90625 shape=M32 kernel=nmSPARSE_BW64x64 latency=0.651
Figure 12 BERT-Large Latency (Mean): 38.288124 ms
SpMV sparsity ratio=0.5 shape=M1 kernel=nmSPARSE latency=0.006759
SpMV sparsity ratio=0.5 shape=M2 kernel=nmSPARSE latency=0.009602
SpMV sparsity ratio=0.5 shape=M3 kernel=nmSPARSE latency=0.048794
SpMV sparsity ratio=0.5 shape=M4 kernel=nmSPARSE latency=0.169698
SpMV sparsity ratio=0.5 shape=M5 kernel=nmSPARSE latency=0.009911
SpMV sparsity ratio=0.5 shape=M6 kernel=nmSPARSE latency=0.00938
SpMV sparsity ratio=0.5 shape=M7 kernel=nmSPARSE latency=0.261348
SpMV sparsity ratio=0.5 shape=M8 kernel=nmSPARSE latency=0.263241
SpMV sparsity ratio=0.75 shape=M1 kernel=nmSPARSE latency=0.005965
SpMV sparsity ratio=0.75 shape=M2 kernel=nmSPARSE latency=0.007854
SpMV sparsity ratio=0.75 shape=M3 kernel=nmSPARSE latency=0.023743
SpMV sparsity ratio=0.75 shape=M4 kernel=nmSPARSE latency=0.088694
SpMV sparsity ratio=0.75 shape=M5 kernel=nmSPARSE latency=0.008062
SpMV sparsity ratio=0.75 shape=M6 kernel=nmSPARSE latency=0.007365
SpMV sparsity ratio=0.75 shape=M7 kernel=nmSPARSE latency=0.133893
SpMV sparsity ratio=0.75 shape=M8 kernel=nmSPARSE latency=0.134978
SpMV sparsity ratio=0.90625 shape=M1 kernel=nmSPARSE latency=0.005548
SpMV sparsity ratio=0.90625 shape=M2 kernel=nmSPARSE latency=0.007243
SpMV sparsity ratio=0.90625 shape=M3 kernel=nmSPARSE latency=0.010233
SpMV sparsity ratio=0.90625 shape=M4 kernel=nmSPARSE latency=0.040403
SpMV sparsity ratio=0.90625 shape=M5 kernel=nmSPARSE latency=0.007185
SpMV sparsity ratio=0.90625 shape=M6 kernel=nmSPARSE latency=0.007023
SpMV sparsity ratio=0.90625 shape=M7 kernel=nmSPARSE latency=0.058217
SpMV sparsity ratio=0.90625 shape=M8 kernel=nmSPARSE latency=0.057954
